Right [ Module , QualifiedUpperName "Hello.Wonderful.WORLD" ]