Right (SourceFile (Module ("Hello" :| [ "Wonderful" , "World" ])))